[debug] [2025-06-17T17:46:48.245Z] ----------------------------------------------------------------------
[debug] [2025-06-17T17:46:48.247Z] Command:       C:\Program Files\nodejs\node.exe C:\Users\zabiu\AppData\Roaming\npm\node_modules\firebase-tools\lib\bin\firebase.js init
[debug] [2025-06-17T17:46:48.248Z] CLI Version:   14.7.0
[debug] [2025-06-17T17:46:48.248Z] Platform:      win32
[debug] [2025-06-17T17:46:48.248Z] Node Version:  v22.14.0
[debug] [2025-06-17T17:46:48.248Z] Time:          Tue Jun 17 2025 23:16:48 GMT+0530 (India Standard Time)
[debug] [2025-06-17T17:46:48.248Z] ----------------------------------------------------------------------
[debug] 
[debug] [2025-06-17T17:46:48.252Z] > command requires scopes: ["email","openid","https://www.googleapis.com/auth/cloudplatformprojects.readonly","https://www.googleapis.com/auth/firebase","https://www.googleapis.com/auth/cloud-platform"]
[debug] [2025-06-17T17:46:48.252Z] > authorizing via signed-in user (narasoftware2014@gmail.com)
[info] 
     ######## #### ########  ######## ########     ###     ######  ########
     ##        ##  ##     ## ##       ##     ##  ##   ##  ##       ##
     ######    ##  ########  ######   ########  #########  ######  ######
     ##        ##  ##    ##  ##       ##     ## ##     ##       ## ##
     ##       #### ##     ## ######## ########  ##     ##  ######  ########

You're about to initialize a Firebase project in this directory:

  C:\Users\zabiu\Documents\GitHub\swift-joint-ui

[info] 
=== Project Setup
[info] 
[info] First, let's associate this project directory with a Firebase project.
[info] You can create multiple project aliases by running firebase use --add, 
[info] but for now we'll just set up a default project.
[info] 
[debug] [2025-06-17T17:50:06.026Z] Checked if tokens are valid: true, expires at: 1750185984583
[debug] [2025-06-17T17:50:06.026Z] Checked if tokens are valid: true, expires at: 1750185984583
[debug] [2025-06-17T17:50:06.028Z] >>> [apiv2][query] GET https://firebase.googleapis.com/v1beta1/projects pageSize=100
[debug] [2025-06-17T17:50:06.776Z] <<< [apiv2][status] GET https://firebase.googleapis.com/v1beta1/projects 200
[debug] [2025-06-17T17:50:06.776Z] <<< [apiv2][body] GET https://firebase.googleapis.com/v1beta1/projects [omitted]
[info] i  Using project swift-joint-e6b65 (swift-joint) 
[info] 
=== Hosting Setup
[debug] [2025-06-17T17:50:36.402Z] Checked if tokens are valid: true, expires at: 1750185984583
[debug] [2025-06-17T17:50:36.402Z] Checked if tokens are valid: true, expires at: 1750185984583
[debug] [2025-06-17T17:50:36.402Z] >>> [apiv2][query] GET https://firebase.googleapis.com/v1beta1/projects/swift-joint-e6b65 [none]
[debug] [2025-06-17T17:50:37.081Z] <<< [apiv2][status] GET https://firebase.googleapis.com/v1beta1/projects/swift-joint-e6b65 200
[debug] [2025-06-17T17:50:37.081Z] <<< [apiv2][body] GET https://firebase.googleapis.com/v1beta1/projects/swift-joint-e6b65 {"projectId":"swift-joint-e6b65","projectNumber":"437137072330","displayName":"swift-joint","name":"projects/swift-joint-e6b65","resources":{"hostingSite":"swift-joint-e6b65"},"state":"ACTIVE","etag":"1_bcaee336-e18e-4270-9d4c-dc22d63a3dde"}
[info] 
[info] Your public directory is the folder (relative to your project directory) that
[info] will contain Hosting assets to be uploaded with firebase deploy. If you
[info] have a build process for your assets, use your build's output directory.
[info] 
